{
    "dataset - model": {
        "content": [
            {
                "0": [
                    
                ],
                "1": [
                    
                ],
                "2": [
                    
                ],
                "3": [
                    
                ],
                "edm_scores": [
                    
                ],
                "models": [
                    
                ],
                "oddsratio_scores": [
                    
                ],
                "versions": [
                    
                ]
            }
        ],
        "meta": {
            "nf-test": "0.9.0",
            "nextflow": "24.04.4"
        },
        "timestamp": "2024-10-20T17:18:46.297903766"
    }
}